]0;~/Desktop/MEDS/EDS 212/2022-8-3/version_cotrol_time[?1034h(base) Carlos-MacBook-Air:version_cotrol_time User$ 
]0;~/Desktop/MEDS/EDS 212/2022-8-3/version_cotrol_time(base) Carlos-MacBook-Air:version_cotrol_time User$ 
]0;~/Desktop/MEDS/EDS 212/2022-8-3/version_cotrol_time(base) Carlos-MacBook-Air:version_cotrol_time User$ 
]0;~/Desktop/MEDS/EDS 212/2022-8-3/version_cotrol_time(base) Carlos-MacBook-Air:version_cotrol_time User$ git add -A
]0;~/Desktop/MEDS/EDS 212/2022-8-3/version_cotrol_time(base) Carlos-MacBook-Air:version_cotrol_time User$ pwd
/Users/User/Desktop/MEDS/EDS 212/2022-8-3/version_cotrol_time
]0;~/Desktop/MEDS/EDS 212/2022-8-3/version_cotrol_time(base) Carlos-MacBook-Air:version_cotrol_time User$ git status
On branch master
Your branch is up to date with 'origin/master'.

nothing to commit, working tree clean
]0;~/Desktop/MEDS/EDS 212/2022-8-3/version_cotrol_time(base) Carlos-MacBook-Air:version_cotrol_time User$ git status
On branch master
Your branch is up to date with 'origin/master'.

Changes not staged for commit:
  (use "git add <file>..." to update what will be committed)
  (use "git restore <file>..." to discard changes in working directory)
	[31mmodified:   Vectors.Rmd[m

no changes added to commit (use "git add" and/or "git commit -a")
]0;~/Desktop/MEDS/EDS 212/2022-8-3/version_cotrol_time(base) Carlos-MacBook-Air:version_cotrol_time User$ git add -A
]0;~/Desktop/MEDS/EDS 212/2022-8-3/version_cotrol_time(base) Carlos-MacBook-Air:version_cotrol_time User$ git status
On branch master
Your branch is up to date with 'origin/master'.

Changes to be committed:
  (use "git restore --staged <file>..." to unstage)
	[32mmodified:   Vectors.Rmd[m

]0;~/Desktop/MEDS/EDS 212/2022-8-3/version_cotrol_time(base) Carlos-MacBook-Air:version_cotrol_time User$ git commit -m[KM[K[Km[K-m "This is a c[Kterma[Kinal line commit with vector docs"
[master d5e9307] This is a terminal line commit with vector docs
 1 file changed, 4 insertions(+)
]0;~/Desktop/MEDS/EDS 212/2022-8-3/version_cotrol_time(base) Carlos-MacBook-Air:version_cotrol_time User$ git status
On branch master
Your branch is ahead of 'origin/master' by 1 commit.
  (use "git push" to publish your local commits)

nothing to commit, working tree clean
]0;~/Desktop/MEDS/EDS 212/2022-8-3/version_cotrol_time(base) Carlos-MacBook-Air:version_cotrol_time User$ git push
Enumerating objects: 5, done.
Counting objects:  20% (1/5)Counting objects:  40% (2/5)Counting objects:  60% (3/5)Counting objects:  80% (4/5)Counting objects: 100% (5/5)Counting objects: 100% (5/5), done.
Delta compression using up to 8 threads
Compressing objects:  33% (1/3)Compressing objects:  66% (2/3)Compressing objects: 100% (3/3)Compressing objects: 100% (3/3), done.
Writing objects:  33% (1/3)Writing objects:  66% (2/3)Writing objects: 100% (3/3)Writing objects: 100% (3/3), 351 bytes | 351.00 KiB/s, done.
Total 3 (delta 2), reused 0 (delta 0), pack-reused 0
remote: Resolving deltas:   0% (0/2)[Kremote: Resolving deltas:  50% (1/2)[Kremote: Resolving deltas: 100% (2/2)[Kremote: Resolving deltas: 100% (2/2), completed with 2 local objects.[K
To https://github.com/CarloBroderick/version_cotrol_time.git
   7eac596..d5e9307  master -> master
]0;~/Desktop/MEDS/EDS 212/2022-8-3/version_cotrol_time(base) Carlos-MacBook-Air:version_cotrol_time User$ ~
bash: /Users/User: is a directory
]0;~/Desktop/MEDS/EDS 212/2022-8-3/version_cotrol_time(base) Carlos-MacBook-Air:version_cotrol_time User$ git add -A
]0;~/Desktop/MEDS/EDS 212/2022-8-3/version_cotrol_time(base) Carlos-MacBook-Air:version_cotrol_time User$ git status
On branch master
Your branch is up to date with 'origin/master'.

nothing to commit, working tree clean
]0;~/Desktop/MEDS/EDS 212/2022-8-3/version_cotrol_time(base) Carlos-MacBook-Air:version_cotrol_time User$ save
bash: save: command not found
]0;~/Desktop/MEDS/EDS 212/2022-8-3/version_cotrol_time(base) Carlos-MacBook-Air:version_cotrol_time User$ 
]0;~/Desktop/MEDS/EDS 212/2022-8-3/version_cotrol_time(base) Carlos-MacBook-Air:version_cotrol_time User$ git add -A
]0;~/Desktop/MEDS/EDS 212/2022-8-3/version_cotrol_time(base) Carlos-MacBook-Air:version_cotrol_time User$ git status
On branch master
Your branch is up to date with 'origin/master'.

Changes to be committed:
  (use "git restore --staged <file>..." to unstage)
	[32mmodified:   Vectors.Rmd[m

]0;~/Desktop/MEDS/EDS 212/2022-8-3/version_cotrol_time(base) Carlos-MacBook-Air:version_cotrol_time User$ git commit -m :[K?[K"the last commit"
[master fcfe33b] the last commit
 1 file changed, 3 insertions(+), 1 deletion(-)
]0;~/Desktop/MEDS/EDS 212/2022-8-3/version_cotrol_time(base) Carlos-MacBook-Air:version_cotrol_time User$ git push
Enumerating objects: 5, done.
Counting objects:  20% (1/5)Counting objects:  40% (2/5)Counting objects:  60% (3/5)Counting objects:  80% (4/5)Counting objects: 100% (5/5)Counting objects: 100% (5/5), done.
Delta compression using up to 8 threads
Compressing objects:  33% (1/3)Compressing objects:  66% (2/3)Compressing objects: 100% (3/3)Compressing objects: 100% (3/3), done.
Writing objects:  33% (1/3)Writing objects:  66% (2/3)Writing objects: 100% (3/3)Writing objects: 100% (3/3), 314 bytes | 314.00 KiB/s, done.
Total 3 (delta 2), reused 0 (delta 0), pack-reused 0
remote: Resolving deltas:   0% (0/2)[Kremote: Resolving deltas:  50% (1/2)[Kremote: Resolving deltas: 100% (2/2)[Kremote: Resolving deltas: 100% (2/2), completed with 2 local objects.[K
To https://github.com/CarloBroderick/version_cotrol_time.git
   d5e9307..fcfe33b  master -> master
]0;~/Desktop/MEDS/EDS 212/2022-8-3/version_cotrol_time(base) Carlos-MacBook-Air:version_cotrol_time User$ 