]0;~/Desktop/MEDS/EDS 212/2022-8-4/Matrix_Multiplication[?1034h(base) Carlos-MacBook-Air:Matrix_Multiplication User$ git add
fatal: not a git repository (or any of the parent directories): .git
]0;~/Desktop/MEDS/EDS 212/2022-8-4/Matrix_Multiplication(base) Carlos-MacBook-Air:Matrix_Multiplication User$ git add
fatal: not a git repository (or any of the parent directories): .git
]0;~/Desktop/MEDS/EDS 212/2022-8-4/Matrix_Multiplication(base) Carlos-MacBook-Air:Matrix_Multiplication User$ save
bash: save: command not found
]0;~/Desktop/MEDS/EDS 212/2022-8-4/Matrix_Multiplication(base) Carlos-MacBook-Air:Matrix_Multiplication User$ [K(base) Carlos-MacBook-Air:Matrix_Multiplication User$ git
usage: git [--version] [--help] [-C <path>] [-c <name>=<value>]
           [--exec-path[=<path>]] [--html-path] [--man-path] [--info-path]
           [-p | --paginate | -P | --no-pager] [--no-replace-objects] [--bare]
           [--git-dir=<path>] [--work-tree=<path>] [--namespace=<name>]
           [--super-prefix=<path>] [--config-env=<name>=<envvar>]
           <command> [<args>]

These are common Git commands used in various situations:

start a working area (see also: git help tutorial)
   clone             Clone a repository into a new directory
   init              Create an empty Git repository or reinitialize an existing one

work on the current change (see also: git help everyday)
   add               Add file contents to the index
   mv                Move or rename a file, a directory, or a symlink
   restore           Restore working tree files
   rm                Remove files from the working tree and from the index
   sparse-checkout   Initialize and modify the sparse-checkout

examine the history and state (see also: git help revisions)
   bisect            Use binary search to find the commit that introduced a bug
   diff              Show changes between commits, commit and working tree, etc
   grep              Print lines matching a pattern
   log               Show commit logs
   show              Show various types of objects
   status            Show the working tree status

grow, mark and tweak your common history
   branch            List, create, or delete branches
   commit            Record changes to the repository
   merge             Join two or more development histories together
   rebase            Reapply commits on top of another base tip
   reset             Reset current HEAD to the specified state
   switch            Switch branches
   tag               Create, list, delete or verify a tag object signed with GPG

collaborate (see also: git help workflows)
   fetch             Download objects and refs from another repository
   pull              Fetch from and integrate with another repository or a local branch
   push              Update remote refs along with associated objects

'git help -a' and 'git help -g' list available subcommands and some
concept guides. See 'git help <command>' or 'git help <concept>'
to read about a specific subcommand or concept.
See 'git help git' for an overview of the system.
]0;~/Desktop/MEDS/EDS 212/2022-8-4/Matrix_Multiplication[?1034h(base) Carlos-MacBook-Air:Matrix_Multiplication User$ git add -A
]0;~/Desktop/MEDS/EDS 212/2022-8-4/Matrix_Multiplication(base) Carlos-MacBook-Air:Matrix_Multiplication User$ status
bash: status: command not found
]0;~/Desktop/MEDS/EDS 212/2022-8-4/Matrix_Multiplication(base) Carlos-MacBook-Air:Matrix_Multiplication User$ git status
On branch main
Your branch is up to date with 'origin/main'.

Changes to be committed:
  (use "git restore --staged <file>..." to unstage)
	[32mnew file:   leslie_matrix_example.html[m
	[32mnew file:   leslie_matrix_example.qmd[m
	[32mnew file:   leslie_matrix_example_files/libs/bootstrap/bootstrap-icons.css[m
	[32mnew file:   leslie_matrix_example_files/libs/bootstrap/bootstrap-icons.woff[m
	[32mnew file:   leslie_matrix_example_files/libs/bootstrap/bootstrap.min.css[m
	[32mnew file:   leslie_matrix_example_files/libs/bootstrap/bootstrap.min.js[m
	[32mnew file:   leslie_matrix_example_files/libs/clipboard/clipboard.min.js[m
	[32mnew file:   leslie_matrix_example_files/libs/quarto-html/anchor.min.js[m
	[32mnew file:   leslie_matrix_example_files/libs/quarto-html/popper.min.js[m
	[32mnew file:   leslie_matrix_example_files/libs/quarto-html/quarto-syntax-highlighting.css[m
	[32mnew file:   leslie_matrix_example_files/libs/quarto-html/quarto.js[m
	[32mnew file:   leslie_matrix_example_files/libs/quarto-html/tippy.css[m
	[32mnew file:   leslie_matrix_example_files/libs/quarto-html/tippy.umd.min.js[m

]0;~/Desktop/MEDS/EDS 212/2022-8-4/Matrix_Multiplication(base) Carlos-MacBook-Air:Matrix_Multiplication User$ git commit -m "Cuarto B[Kfiles"
[main cf70edb] Cuarto files
 13 files changed, 2871 insertions(+)
 create mode 100644 leslie_matrix_example.html
 create mode 100644 leslie_matrix_example.qmd
 create mode 100644 leslie_matrix_example_files/libs/bootstrap/bootstrap-icons.css
 create mode 100644 leslie_matrix_example_files/libs/bootstrap/bootstrap-icons.woff
 create mode 100644 leslie_matrix_example_files/libs/bootstrap/bootstrap.min.css
 create mode 100644 leslie_matrix_example_files/libs/bootstrap/bootstrap.min.js
 create mode 100644 leslie_matrix_example_files/libs/clipboard/clipboard.min.js
 create mode 100644 leslie_matrix_example_files/libs/quarto-html/anchor.min.js
 create mode 100644 leslie_matrix_example_files/libs/quarto-html/popper.min.js
 create mode 100644 leslie_matrix_example_files/libs/quarto-html/quarto-syntax-highlighting.css
 create mode 100644 leslie_matrix_example_files/libs/quarto-html/quarto.js
 create mode 100644 leslie_matrix_example_files/libs/quarto-html/tippy.css
 create mode 100644 leslie_matrix_example_files/libs/quarto-html/tippy.umd.min.js
]0;~/Desktop/MEDS/EDS 212/2022-8-4/Matrix_Multiplication(base) Carlos-MacBook-Air:Matrix_Multiplication User$ git push
Enumerating objects: 21, done.
Counting objects:   4% (1/21)Counting objects:   9% (2/21)Counting objects:  14% (3/21)Counting objects:  19% (4/21)Counting objects:  23% (5/21)Counting objects:  28% (6/21)Counting objects:  33% (7/21)Counting objects:  38% (8/21)Counting objects:  42% (9/21)Counting objects:  47% (10/21)Counting objects:  52% (11/21)Counting objects:  57% (12/21)Counting objects:  61% (13/21)Counting objects:  66% (14/21)Counting objects:  71% (15/21)Counting objects:  76% (16/21)Counting objects:  80% (17/21)Counting objects:  85% (18/21)Counting objects:  90% (19/21)Counting objects:  95% (20/21)Counting objects: 100% (21/21)Counting objects: 100% (21/21), done.
Delta compression using up to 8 threads
Compressing objects:   5% (1/18)Compressing objects:  11% (2/18)Compressing objects:  16% (3/18)Compressing objects:  22% (4/18)Compressing objects:  27% (5/18)Compressing objects:  33% (6/18)Compressing objects:  38% (7/18)Compressing objects:  44% (8/18)Compressing objects:  50% (9/18)Compressing objects:  55% (10/18)Compressing objects:  61% (11/18)Compressing objects:  66% (12/18)Compressing objects:  72% (13/18)Compressing objects:  77% (14/18)Compressing objects:  83% (15/18)Compressing objects:  88% (16/18)Compressing objects:  94% (17/18)Compressing objects: 100% (18/18)Compressing objects: 100% (18/18), done.
Writing objects:   5% (1/20)Writing objects:  10% (2/20)Writing objects:  15% (3/20)Writing objects:  20% (4/20)Writing objects:  25% (5/20)Writing objects:  30% (6/20)Writing objects:  35% (7/20)Writing objects:  40% (8/20)Writing objects:  45% (9/20)Writing objects:  50% (10/20)Writing objects:  55% (11/20)Writing objects:  60% (12/20)Writing objects:  65% (13/20)Writing objects:  70% (14/20)Writing objects:  75% (15/20)Writing objects:  80% (16/20)Writing objects:  85% (17/20)Writing objects:  90% (18/20)Writing objects:  95% (19/20)Writing objects: 100% (20/20)Writing objects: 100% (20/20), 231.58 KiB | 16.54 MiB/s, done.
Total 20 (delta 0), reused 0 (delta 0), pack-reused 0
To https://github.com/CarloBroderick/Matrix_Multiplication.git
   546a8eb..cf70edb  main -> main
]0;~/Desktop/MEDS/EDS 212/2022-8-4/Matrix_Multiplication(base) Carlos-MacBook-Air:Matrix_Multiplication User$ gitt [K[K [K//version
bash: git//version: No such file or directory
]0;~/Desktop/MEDS/EDS 212/2022-8-4/Matrix_Multiplication(base) Carlos-MacBook-Air:Matrix_Multiplication User$ git //c[K[K[K--ce[K[Kversion
git version 2.32.1 (Apple Git-133)
]0;~/Desktop/MEDS/EDS 212/2022-8-4/Matrix_Multiplication(base) Carlos-MacBook-Air:Matrix_Multiplication User$ 