]0;~/Desktop/MEDS/EDS 212/2022-8-4/eds212-day4-activities_2[?1034h(base) Carlos-MacBook-Air:eds212-day4-activities_2 User$ [K(base) Carlos-MacBook-Air:eds212-day4-activities_2 User$ git add -A
]0;~/Desktop/MEDS/EDS 212/2022-8-4/eds212-day4-activities_2(base) Carlos-MacBook-Air:eds212-day4-activities_2 User$ git commit - [Km"jitter"
On branch main
Your branch is up to date with 'origin/main'.

nothing to commit, working tree clean
]0;~/Desktop/MEDS/EDS 212/2022-8-4/eds212-day4-activities_2(base) Carlos-MacBook-Air:eds212-day4-activities_2 User$ git push
Everything up-to-date
]0;~/Desktop/MEDS/EDS 212/2022-8-4/eds212-day4-activities_2(base) Carlos-MacBook-Air:eds212-day4-activities_2 User$ 